// Jest Snapshot v1, https://goo.gl/fbAQLP

exports[`Rendering Search 1`] = `ReactWrapper {}`;
